
> vite_react_shadcn_ts@0.0.0 test
> vitest run


 RUN  v3.2.4 /home/runner/workspace

 ✓ src/test/example.test.ts (1 test) 2ms

 Test Files  1 passed (1)
      Tests  1 passed (1)
   Start at  02:51:28
   Duration  1.19s (transform 50ms, setup 122ms, collect 10ms, tests 2ms, environment 739ms, prepare 155ms)

